../Core/Src/main.c:116:5:main	40	static
../Core/Src/main.c:353:6:SystemClock_Config	120	static
../Core/Src/main.c:417:13:MX_ETH_Init	8	static
../Core/Src/main.c:466:6:MX_RTC_Init	32	static
../Core/Src/main.c:537:6:MX_USART3_UART_Init	8	static
../Core/Src/main.c:585:13:MX_USB_OTG_FS_PCD_Init	8	static
../Core/Src/main.c:619:13:MX_DMA_Init	16	static
../Core/Src/main.c:632:13:MX_GPIO_Init	48	static
../Core/Src/main.c:656:6:ili_scr_1	16	static
../Core/Src/main.c:674:6:Error_Handler	4	static,ignoring_inline_asm
