../Core/Src/main.c:130:5:main	48	static
../Core/Src/main.c:424:6:SystemClock_Config	120	static
../Core/Src/main.c:488:13:MX_ETH_Init	8	static
../Core/Src/main.c:537:6:MX_RTC_Init	32	static
../Core/Src/main.c:608:13:MX_USART3_UART_Init	8	static
../Core/Src/main.c:656:13:MX_USB_OTG_FS_PCD_Init	8	static
../Core/Src/main.c:690:13:MX_DMA_Init	16	static
../Core/Src/main.c:703:13:MX_GPIO_Init	48	static
../Core/Src/main.c:727:6:ili_scr_1	16	static
../Core/Src/main.c:740:6:ili_seq_arrow	32	static
../Core/Src/main.c:797:6:Error_Handler	4	static,ignoring_inline_asm
