../Core/Src/main.c:95:5:main	8	static
../Core/Src/main.c:157:6:SystemClock_Config	88	static
../Core/Src/main.c:204:13:MX_I2C1_Init	8	static
../Core/Src/main.c:238:13:MX_TIM11_Init	8	static
../Core/Src/main.c:269:13:MX_USART2_UART_Init	8	static
../Core/Src/main.c:302:13:MX_GPIO_Init	48	static
../Core/Src/main.c:335:6:PACread_8	32	static
../Core/Src/main.c:347:6:PAC_Refresh	24	static
../Core/Src/main.c:360:6:HAL_GPIO_EXTI_Callback	16	static
../Core/Src/main.c:371:6:Error_Handler	4	static,ignoring_inline_asm
