../Core/Src/main.c:97:5:main	40	static
../Core/Src/main.c:240:6:SystemClock_Config	120	static
../Core/Src/main.c:303:13:MX_TIM17_Init	8	static
../Core/Src/main.c:335:13:MX_USART3_UART_Init	8	static
../Core/Src/main.c:383:13:MX_USB_OTG_HS_USB_Init	4	static
../Core/Src/main.c:404:13:MX_GPIO_Init	64	static
../Core/Src/main.c:488:6:ili_screen_1	16	static
../Core/Src/main.c:501:6:ili_fonttest	40	static
../Core/Src/main.c:536:10:micros	12	static
../Core/Src/main.c:539:6:HAL_GPIO_EXTI_Callback	16	static
../Core/Src/main.c:549:6:HAL_TIM_PeriodElapsedCallback	24	static
../Core/Src/main.c:559:6:Error_Handler	4	static,ignoring_inline_asm
