../Core/Src/main.c:101:5:main	48	static
../Core/Src/main.c:250:6:SystemClock_Config	120	static
../Core/Src/main.c:313:13:MX_TIM17_Init	8	static
../Core/Src/main.c:345:13:MX_USART3_UART_Init	8	static
../Core/Src/main.c:393:13:MX_USB_OTG_HS_USB_Init	4	static
../Core/Src/main.c:414:13:MX_GPIO_Init	64	static
../Core/Src/main.c:498:6:ili_screen_1	16	static
../Core/Src/main.c:511:6:ili_fonttest	40	static
../Core/Src/main.c:545:6:ili_texttest	40	static
../Core/Src/main.c:576:10:micros	12	static
../Core/Src/main.c:579:6:HAL_GPIO_EXTI_Callback	16	static
../Core/Src/main.c:589:6:HAL_TIM_PeriodElapsedCallback	24	static
../Core/Src/main.c:599:6:Error_Handler	4	static,ignoring_inline_asm
