../Core/Src/main.c:181:5:main	128	static
../Core/Src/main.c:432:6:MX_ETH_Init	8	static
../Core/Src/main.c:481:13:MX_I2C2_Init	8	static
../Core/Src/main.c:529:13:MX_RTC_Init	32	static
../Core/Src/main.c:593:13:MX_USART3_UART_Init	8	static
../Core/Src/main.c:639:13:MX_DMA_Init	16	static
../Core/Src/main.c:652:6:MX_GPIO_Init	48	static
../Core/Src/main.c:748:6:score_counter	4	static
../Core/Src/main.c:754:6:mole_generator	8	static
../Core/Src/main.c:788:6:HAL_GPIO_EXTI_Callback	16	static
../Core/Src/main.c:855:9:randomrun_gen_RTC	24	static
../Core/Src/main.c:871:6:Error_Handler	4	static,ignoring_inline_asm
