../Core/Src/main.c:179:5:main	128	static
../Core/Src/main.c:430:6:MX_ETH_Init	8	static
../Core/Src/main.c:479:13:MX_I2C2_Init	8	static
../Core/Src/main.c:527:13:MX_RTC_Init	32	static
../Core/Src/main.c:591:13:MX_USART3_UART_Init	8	static
../Core/Src/main.c:637:13:MX_DMA_Init	16	static
../Core/Src/main.c:650:6:MX_GPIO_Init	48	static
../Core/Src/main.c:746:6:score_counter	4	static
../Core/Src/main.c:752:6:mole_generator	8	static
../Core/Src/main.c:786:6:HAL_GPIO_EXTI_Callback	16	static
../Core/Src/main.c:853:9:randomrun_gen_RTC	24	static
../Core/Src/main.c:869:6:Error_Handler	4	static,ignoring_inline_asm
