../Core/Src/main.c:108:5:main	16	static
../Core/Src/main.c:207:6:SystemClock_Config	120	static
../Core/Src/main.c:270:13:MX_ETH_Init	8	static
../Core/Src/main.c:319:13:MX_SPI1_Init	8	static
../Core/Src/main.c:367:13:MX_USART3_UART_Init	8	static
../Core/Src/main.c:415:13:MX_USB_OTG_FS_PCD_Init	8	static
../Core/Src/main.c:449:13:MX_DMA_Init	16	static
../Core/Src/main.c:467:13:MX_GPIO_Init	56	static
../Core/Src/main.c:514:6:RainbowGen_NeoPixel	16	static
../Core/Src/main.c:528:6:HtoRGB_myrend	4	static
../Core/Src/main.c:565:6:Hex2RGBB_myrend	8	static
../Core/Src/main.c:576:6:HAL_GPIO_EXTI_Callback	16	static
../Core/Src/main.c:602:6:Error_Handler	4	static,ignoring_inline_asm
