../Core/Src/main.c:139:5:main	208	static
../Core/Src/main.c:291:6:MX_ETH_Init	8	static
../Core/Src/main.c:340:13:MX_I2C2_Init	8	static
../Core/Src/main.c:388:13:MX_RTC_Init	32	static
../Core/Src/main.c:459:13:MX_SPI4_Init	8	static
../Core/Src/main.c:507:13:MX_TIM17_Init	8	static
../Core/Src/main.c:539:6:MX_USART3_UART_Init	8	static
../Core/Src/main.c:585:13:MX_DMA_Init	16	static
../Core/Src/main.c:606:13:MX_GPIO_Init	48	static
../Core/Src/main.c:652:6:printUART	16	static
../Core/Src/main.c:657:6:HAL_GPIO_EXTI_Callback	16	static
../Core/Src/main.c:664:10:micros	12	static
../Core/Src/main.c:667:6:HAL_TIM_PeriodElapsedCallback	24	static
../Core/Src/main.c:677:6:Error_Handler	4	static,ignoring_inline_asm
