../Core/Src/main.c:105:5:main	24	static
../Core/Src/main.c:183:6:MX_ETH_Init	8	static
../Core/Src/main.c:232:13:MX_I2C2_Init	8	static
../Core/Src/main.c:280:13:MX_RTC_Init	32	static
../Core/Src/main.c:351:13:MX_TIM17_Init	8	static
../Core/Src/main.c:383:6:MX_USART3_UART_Init	8	static
../Core/Src/main.c:431:13:MX_GPIO_Init	40	static
../Core/Src/main.c:452:10:micros	12	static
../Core/Src/main.c:455:6:HAL_TIM_PeriodElapsedCallback	24	static
../Core/Src/main.c:465:6:Error_Handler	4	static,ignoring_inline_asm
