../Core/Src/MFRC522.c:29:6:Write_MFRC522	24	static
../Core/Src/MFRC522.c:69:8:Read_MFRC522	24	static
../Core/Src/MFRC522.c:111:6:SetBitMask	24	static
../Core/Src/MFRC522.c:125:6:ClearBitMask	24	static
../Core/Src/MFRC522.c:141:6:AntennaOn	8	static
../Core/Src/MFRC522.c:155:6:AntennaOff	8	static
../Core/Src/MFRC522.c:168:6:MFRC522_Reset	8	static
../Core/Src/MFRC522.c:179:6:MFRC522_Init	8	static
../Core/Src/MFRC522.c:212:8:MFRC522_Request	32	static
../Core/Src/MFRC522.c:240:8:MFRC522_ToCard	48	static
../Core/Src/MFRC522.c:359:8:MFRC522_Anticoll	32	static
../Core/Src/MFRC522.c:402:8:MFRC522_Read	32	static
../Core/Src/MFRC522.c:427:8:MFRC522_Write	56	static
../Core/Src/MFRC522.c:468:6:CalulateCRC	40	static
../Core/Src/MFRC522.c:509:8:MFRC522_Auth	56	static
../Core/Src/MFRC522.c:544:8:MFRC522_SelectTag	48	static
../Core/Src/MFRC522.c:582:6:MFRC522_Halt	32	static
../Core/Src/MFRC522.c:596:6:MFRC522_StopCrypto1	8	static
../Core/Src/MFRC522.c:602:6:MFRC522_HardResetSet	8	static
