../Core/Src/LCDrivers/ili9486.c:215:6:ili9486_DisplayOn	8	static
../Core/Src/LCDrivers/ili9486.c:229:6:ili9486_DisplayOff	8	static
../Core/Src/LCDrivers/ili9486.c:243:10:ili9486_GetLcdPixelWidth	4	static
../Core/Src/LCDrivers/ili9486.c:254:10:ili9486_GetLcdPixelHeight	4	static
../Core/Src/LCDrivers/ili9486.c:265:10:ili9486_ReadID	16	static
../Core/Src/LCDrivers/ili9486.c:283:6:ili9486_Init	8	static
../Core/Src/LCDrivers/ili9486.c:331:6:ili9486_SetCursor	16	static
../Core/Src/LCDrivers/ili9486.c:346:6:ili9486_WritePixel	16	static
../Core/Src/LCDrivers/ili9486.c:361:10:ili9486_ReadPixel	24	static
../Core/Src/LCDrivers/ili9486.c:382:6:ili9486_SetDisplayWindow	24	static
../Core/Src/LCDrivers/ili9486.c:400:6:ili9486_DrawHLine	24	static
../Core/Src/LCDrivers/ili9486.c:418:6:ili9486_DrawVLine	24	static
../Core/Src/LCDrivers/ili9486.c:437:6:ili9486_FillRect	24	static
../Core/Src/LCDrivers/ili9486.c:455:6:ili9486_DrawBitmap	24	static
../Core/Src/LCDrivers/ili9486.c:484:6:ili9486_DrawRGBImage	24	static
../Core/Src/LCDrivers/ili9486.c:503:6:ili9486_ReadRGBImage	24	static
../Core/Src/LCDrivers/ili9486.c:514:6:ili9486_WriteChar	32	static
../Core/Src/LCDrivers/ili9486.c:602:6:ili9486_Scroll	16	static
