../Core/Src/LCDrivers/ili9486.c:216:6:ili9486_DisplayOn	8	static
../Core/Src/LCDrivers/ili9486.c:230:6:ili9486_DisplayOff	8	static
../Core/Src/LCDrivers/ili9486.c:244:10:ili9486_GetLcdPixelWidth	4	static
../Core/Src/LCDrivers/ili9486.c:255:10:ili9486_GetLcdPixelHeight	4	static
../Core/Src/LCDrivers/ili9486.c:266:10:ili9486_ReadID	16	static
../Core/Src/LCDrivers/ili9486.c:284:6:ili9486_Init	8	static
../Core/Src/LCDrivers/ili9486.c:332:6:ili9486_SetCursor	16	static
../Core/Src/LCDrivers/ili9486.c:347:6:ili9486_WritePixel	16	static
../Core/Src/LCDrivers/ili9486.c:362:10:ili9486_ReadPixel	24	static
../Core/Src/LCDrivers/ili9486.c:383:6:ili9486_SetDisplayWindow	24	static
../Core/Src/LCDrivers/ili9486.c:401:6:ili9486_DrawHLine	24	static
../Core/Src/LCDrivers/ili9486.c:419:6:ili9486_DrawVLine	24	static
../Core/Src/LCDrivers/ili9486.c:438:6:ili9486_FillRect	24	static
../Core/Src/LCDrivers/ili9486.c:456:6:ili9486_DrawBitmap	24	static
../Core/Src/LCDrivers/ili9486.c:485:6:ili9486_DrawRGBImage	24	static
../Core/Src/LCDrivers/ili9486.c:504:6:ili9486_ReadRGBImage	24	static
../Core/Src/LCDrivers/ili9486.c:515:6:ili9486_WriteChar	48	static
../Core/Src/LCDrivers/ili9486.c:572:6:ili9486_WriteString	40	static
../Core/Src/LCDrivers/ili9486.c:652:6:ili9486_Scroll	16	static
