../Core/Src/LCDrivers/ili9486.c:222:6:ili9486_DisplayOn	8	static
../Core/Src/LCDrivers/ili9486.c:236:6:ili9486_DisplayOff	8	static
../Core/Src/LCDrivers/ili9486.c:250:10:ili9486_GetLcdPixelWidth	4	static
../Core/Src/LCDrivers/ili9486.c:261:10:ili9486_GetLcdPixelHeight	4	static
../Core/Src/LCDrivers/ili9486.c:272:10:ili9486_ReadID	16	static
../Core/Src/LCDrivers/ili9486.c:290:6:ili9486_Init	8	static
../Core/Src/LCDrivers/ili9486.c:338:6:ili9486_SetCursor	16	static
../Core/Src/LCDrivers/ili9486.c:353:6:ili9486_WritePixel	16	static
../Core/Src/LCDrivers/ili9486.c:368:10:ili9486_ReadPixel	24	static
../Core/Src/LCDrivers/ili9486.c:389:6:ili9486_SetDisplayWindow	24	static
../Core/Src/LCDrivers/ili9486.c:407:6:ili9486_DrawHLine	24	static
../Core/Src/LCDrivers/ili9486.c:425:6:ili9486_DrawVLine	24	static
../Core/Src/LCDrivers/ili9486.c:444:6:ili9486_FillRect	24	static
../Core/Src/LCDrivers/ili9486.c:462:6:ili9486_DrawBitmap	24	static
../Core/Src/LCDrivers/ili9486.c:491:6:ili9486_DrawRGBImage	24	static
../Core/Src/LCDrivers/ili9486.c:510:6:ili9486_ReadRGBImage	24	static
../Core/Src/LCDrivers/ili9486.c:531:6:ili9486_WriteChar	48	static
../Core/Src/LCDrivers/ili9486.c:594:6:ili9486_WriteCharNoBG	48	static
../Core/Src/LCDrivers/ili9486.c:634:6:ili9486_WriteString	40	static
../Core/Src/LCDrivers/ili9486.c:672:6:ili9486_WriteStringNoBG	32	static
../Core/Src/LCDrivers/ili9486.c:749:6:ili9486_Scroll	16	static
