../Core/Src/LCDrivers/lcd_io_gpio8.c:280:6:LCD_IO_Delay	16	static
../Core/Src/LCDrivers/lcd_io_gpio8.c:291:6:LCD_Delay	16	static
../Core/Src/LCDrivers/lcd_io_gpio8.c:297:6:LCD_IO_Bl_OnOff	16	static
../Core/Src/LCDrivers/lcd_io_gpio8.c:315:6:LCD_IO_Init	8	static
../Core/Src/LCDrivers/lcd_io_gpio8.c:396:6:LCD_IO_WriteCmd8	16	static
../Core/Src/LCDrivers/lcd_io_gpio8.c:404:6:LCD_IO_WriteCmd16	16	static
../Core/Src/LCDrivers/lcd_io_gpio8.c:412:6:LCD_IO_WriteData8	16	static
../Core/Src/LCDrivers/lcd_io_gpio8.c:420:6:LCD_IO_WriteData16	16	static
../Core/Src/LCDrivers/lcd_io_gpio8.c:428:6:LCD_IO_WriteCmd8DataFill16	16	static
../Core/Src/LCDrivers/lcd_io_gpio8.c:440:6:LCD_IO_WriteCmd8MultipleData8	24	static
../Core/Src/LCDrivers/lcd_io_gpio8.c:454:6:LCD_IO_WriteCmd8MultipleData16	24	static
../Core/Src/LCDrivers/lcd_io_gpio8.c:467:6:LCD_IO_WriteCmd16DataFill16	16	static
../Core/Src/LCDrivers/lcd_io_gpio8.c:479:6:LCD_IO_WriteCmd16MultipleData8	24	static
../Core/Src/LCDrivers/lcd_io_gpio8.c:492:6:LCD_IO_WriteCmd16MultipleData16	24	static
../Core/Src/LCDrivers/lcd_io_gpio8.c:506:6:LCD_IO_ReadCmd8MultipleData8	32	static
../Core/Src/LCDrivers/lcd_io_gpio8.c:525:6:LCD_IO_ReadCmd8MultipleData16	32	static
../Core/Src/LCDrivers/lcd_io_gpio8.c:545:6:LCD_IO_ReadCmd8MultipleData24to16	32	static
../Core/Src/LCDrivers/lcd_io_gpio8.c:570:6:LCD_IO_ReadCmd16MultipleData8	32	static
../Core/Src/LCDrivers/lcd_io_gpio8.c:589:6:LCD_IO_ReadCmd16MultipleData16	32	static
../Core/Src/LCDrivers/lcd_io_gpio8.c:608:6:LCD_IO_ReadCmd16MultipleData24to16	32	static
