../Core/Src/main.c:179:5:main	80	static
../Core/Src/main.c:374:6:SystemClock_Config	88	static
../Core/Src/main.c:421:13:MX_SPI2_Init	8	static
../Core/Src/main.c:459:13:MX_SPI3_Init	8	static
../Core/Src/main.c:497:13:MX_TIM11_Init	8	static
../Core/Src/main.c:528:13:MX_USART2_UART_Init	8	static
../Core/Src/main.c:561:13:MX_USART6_UART_Init	8	static
../Core/Src/main.c:592:13:MX_DMA_Init	16	static
../Core/Src/main.c:613:13:MX_GPIO_Init	48	static
../Core/Src/main.c:659:6:dynamix_enable_torque	24	static
../Core/Src/main.c:704:9:UARTRecieveIT	16	static
../Core/Src/main.c:718:6:MCP3002_READ	16	static
../Core/Src/main.c:732:6:MCP3208_RrEAD	16	static
../Core/Src/main.c:749:6:HAL_SPI_TxRxCpltCallback	16	static
../Core/Src/main.c:764:6:HAL_GPIO_EXTI_Callback	16	static
../Core/Src/main.c:771:6:HAL_TIM_PeriodElapsedCallback	24	static
../Core/Src/main.c:776:17:micros	12	static
../Core/Src/main.c:786:6:Error_Handler	4	static,ignoring_inline_asm
