../Core/Src/main.c:185:5:main	104	static
../Core/Src/main.c:389:6:SystemClock_Config	88	static
../Core/Src/main.c:436:13:MX_SPI2_Init	8	static
../Core/Src/main.c:474:13:MX_SPI3_Init	8	static
../Core/Src/main.c:512:13:MX_TIM11_Init	8	static
../Core/Src/main.c:543:13:MX_USART2_UART_Init	8	static
../Core/Src/main.c:576:13:MX_USART6_UART_Init	8	static
../Core/Src/main.c:607:13:MX_DMA_Init	16	static
../Core/Src/main.c:628:13:MX_GPIO_Init	48	static
../Core/Src/main.c:674:6:dynamix_enable_torque	24	static
../Core/Src/main.c:719:9:UARTRecieveIT	16	static
../Core/Src/main.c:733:6:MCP3002_READ	16	static
../Core/Src/main.c:747:6:MCP3208_RrEAD	16	static
../Core/Src/main.c:776:10:MCP3208_READ_8_DataSPI_test	16	static
../Core/Src/main.c:791:6:HAL_SPI_TxRxCpltCallback	16	static
../Core/Src/main.c:806:6:HAL_GPIO_EXTI_Callback	16	static
../Core/Src/main.c:813:6:HAL_TIM_PeriodElapsedCallback	24	static
../Core/Src/main.c:818:17:micros	12	static
../Core/Src/main.c:828:6:Error_Handler	4	static,ignoring_inline_asm
