../Core/Src/main.c:115:5:main	16	static
../Core/Src/main.c:224:6:SystemClock_Config	120	static
../Core/Src/main.c:287:13:MX_ETH_Init	8	static
../Core/Src/main.c:336:13:MX_SPI1_Init	8	static
../Core/Src/main.c:384:13:MX_USART3_UART_Init	8	static
../Core/Src/main.c:432:13:MX_USB_OTG_FS_PCD_Init	8	static
../Core/Src/main.c:466:13:MX_DMA_Init	16	static
../Core/Src/main.c:490:13:MX_GPIO_Init	56	static
../Core/Src/main.c:528:6:af_loop	40	static
../Core/Src/main.c:713:6:Error_Handler	4	static,ignoring_inline_asm
