../Core/Src/main.c:112:5:main	32	static
../Core/Src/main.c:217:6:SystemClock_Config	120	static
../Core/Src/main.c:280:13:MX_ETH_Init	8	static
../Core/Src/main.c:329:13:MX_SPI1_Init	8	static
../Core/Src/main.c:377:13:MX_USART3_UART_Init	8	static
../Core/Src/main.c:425:13:MX_USB_OTG_FS_PCD_Init	8	static
../Core/Src/main.c:459:13:MX_DMA_Init	16	static
../Core/Src/main.c:483:13:MX_GPIO_Init	56	static
../Core/Src/main.c:522:6:demoTFT	56	static
../Core/Src/main.c:625:6:Error_Handler	4	static,ignoring_inline_asm
