../Core/Src/ST7735_af.c:96:13:ST7735_Select	8	static
../Core/Src/ST7735_af.c:100:6:ST7735_Unselect	8	static
../Core/Src/ST7735_af.c:104:13:ST7735_Reset	8	static
../Core/Src/ST7735_af.c:110:13:ST7735_WriteCommand	16	static
../Core/Src/ST7735_af.c:115:13:ST7735_WriteData	16	static
../Core/Src/ST7735_af.c:120:13:ST7735_ExecuteCommandList	24	static
../Core/Src/ST7735_af.c:146:13:ST7735_SetAddressWindow	32	static
../Core/Src/ST7735_af.c:162:6:ST7735_Init	8	static
../Core/Src/ST7735_af.c:171:6:ST7735_DrawPixel	24	static
../Core/Src/ST7735_af.c:184:13:ST7735_WriteChar	48	static
../Core/Src/ST7735_af.c:219:6:ST7735_WriteString	32	static
../Core/Src/ST7735_af.c:245:6:ST7735_FillRectangle	32	static
../Core/Src/ST7735_af.c:265:6:ST7735_FillRectangleFast	32	static
../Core/Src/ST7735_af.c:288:6:ST7735_FillScreen	24	static
../Core/Src/ST7735_af.c:292:6:ST7735_FillScreenFast	24	static
../Core/Src/ST7735_af.c:296:6:ST7735_DrawImage	24	static
../Core/Src/ST7735_af.c:307:6:ST7735_InvertColors	16	static
../Core/Src/ST7735_af.c:313:6:ST7735_SetGamma	16	static
