../Core/Src/stk/ST7735_SF.c:128:13:ST7735_GPIO_Init	4	static
../Core/Src/stk/ST7735_SF.c:146:13:ST7735_Reset	8	static
../Core/Src/stk/ST7735_SF.c:153:13:ST7735_WriteCommand	16	static
../Core/Src/stk/ST7735_SF.c:166:13:ST7735_WriteData	16	static
../Core/Src/stk/ST7735_SF.c:177:13:ST7735_ExecuteCommandList	24	static
../Core/Src/stk/ST7735_SF.c:207:13:ST7735_SetAddressWindow	32	static
../Core/Src/stk/ST7735_SF.c:224:13:ST7735_WriteChar	48	static
../Core/Src/stk/ST7735_SF.c:249:6:ST7735_Init	8	static
../Core/Src/stk/ST7735_SF.c:260:6:ST7735_DrawPixel	24	static
../Core/Src/stk/ST7735_SF.c:274:6:ST7735_DrawString	32	static
../Core/Src/stk/ST7735_SF.c:304:6:ST7735_FillRectangle	56	dynamic
../Core/Src/stk/ST7735_SF.c:342:6:ST7735_FillScreen	24	static
../Core/Src/stk/ST7735_SF.c:347:6:ST7735_DrawImage	24	static
../Core/Src/stk/ST7735_SF.c:359:6:ST7735_InvertColors	16	static
../Core/Src/stk/ST7735_SF.c:366:6:ST7735_Backlight_On	4	static
../Core/Src/stk/ST7735_SF.c:371:6:ST7735_Backlight_Off	4	static
../Core/Src/stk/ST7735_SF.c:380:6:ST7735_DrawCircle	32	static
../Core/Src/stk/ST7735_SF.c:420:6:ST7735_DrawCircleHelper	32	static
../Core/Src/stk/ST7735_SF.c:466:6:ST7735_FillCircle	32	static
../Core/Src/stk/ST7735_SF.c:477:6:ST7735_FillCircleHelper	32	static
../Core/Src/stk/ST7735_SF.c:514:6:ST7735_DrawEllipse	48	static
../Core/Src/stk/ST7735_SF.c:558:6:ST7735_FillEllipse	48	static
../Core/Src/stk/ST7735_SF.c:602:6:ST7735_DrawRect	24	static
../Core/Src/stk/ST7735_SF.c:615:6:ST7735_DrawRoundRect	32	static
../Core/Src/stk/ST7735_SF.c:634:6:ST7735_FillRoundRect	32	static
../Core/Src/stk/ST7735_SF.c:649:6:ST7735_DrawTriangle	32	static
../Core/Src/stk/ST7735_SF.c:661:6:ST7735_FillTriangle	64	static
../Core/Src/stk/ST7735_SF.c:744:6:ST7735_DrawLine	48	static
../Core/Src/stk/ST7735_SF.c:798:6:ST7735_DrawFastVLine	32	static
../Core/Src/stk/ST7735_SF.c:816:6:ST7735_DrawFastHLine	32	static
../Core/Src/stk/ST7735_SF.c:833:6:ST7735_SetRotation	24	static
../Core/Src/stk/ST7735_SF.c:887:9:ST7735_GetRotation	4	static
../Core/Src/stk/ST7735_SF.c:892:9:ST7735_GetHeight	4	static
../Core/Src/stk/ST7735_SF.c:897:9:ST7735_GetWidth	4	static
