../Core/Src/main.c:100:5:main	16	static
../Core/Src/main.c:176:6:SystemClock_Config	120	static
../Core/Src/main.c:240:13:MX_ETH_Init	8	static
../Core/Src/main.c:289:6:MX_RTC_Init	32	static
../Core/Src/main.c:353:13:MX_USART3_UART_Init	8	static
../Core/Src/main.c:401:13:MX_USB_OTG_FS_PCD_Init	8	static
../Core/Src/main.c:435:13:MX_DMA_Init	16	static
../Core/Src/main.c:456:13:MX_GPIO_Init	56	static
../Core/Src/main.c:491:6:HAL_GPIO_EXTI_Callback	16	static
../Core/Src/main.c:504:6:Error_Handler	4	static,ignoring_inline_asm
