../Core/Src/LCDrivers/ili9486.c:219:6:ili9486_DisplayOn	8	static
../Core/Src/LCDrivers/ili9486.c:233:6:ili9486_DisplayOff	8	static
../Core/Src/LCDrivers/ili9486.c:247:10:ili9486_GetLcdPixelWidth	4	static
../Core/Src/LCDrivers/ili9486.c:258:10:ili9486_GetLcdPixelHeight	4	static
../Core/Src/LCDrivers/ili9486.c:269:10:ili9486_ReadID	16	static
../Core/Src/LCDrivers/ili9486.c:287:6:ili9486_Init	8	static
../Core/Src/LCDrivers/ili9486.c:335:6:ili9486_SetCursor	16	static
../Core/Src/LCDrivers/ili9486.c:350:6:ili9486_WritePixel	16	static
../Core/Src/LCDrivers/ili9486.c:365:10:ili9486_ReadPixel	24	static
../Core/Src/LCDrivers/ili9486.c:386:6:ili9486_SetDisplayWindow	24	static
../Core/Src/LCDrivers/ili9486.c:404:6:ili9486_DrawHLine	24	static
../Core/Src/LCDrivers/ili9486.c:422:6:ili9486_DrawVLine	24	static
../Core/Src/LCDrivers/ili9486.c:441:6:ili9486_FillRect	24	static
../Core/Src/LCDrivers/ili9486.c:459:6:ili9486_DrawBitmap	24	static
../Core/Src/LCDrivers/ili9486.c:488:6:ili9486_DrawRGBImage	24	static
../Core/Src/LCDrivers/ili9486.c:507:6:ili9486_ReadRGBImage	24	static
../Core/Src/LCDrivers/ili9486.c:528:6:ili9486_WriteChar	48	static
../Core/Src/LCDrivers/ili9486.c:597:6:ili9486_WriteString	40	static
../Core/Src/LCDrivers/ili9486.c:677:6:ili9486_Scroll	16	static
