../Core/Src/LCDrivers/ili9486.c:223:6:ili9486_DisplayOn	8	static
../Core/Src/LCDrivers/ili9486.c:237:6:ili9486_DisplayOff	8	static
../Core/Src/LCDrivers/ili9486.c:251:10:ili9486_GetLcdPixelWidth	4	static
../Core/Src/LCDrivers/ili9486.c:262:10:ili9486_GetLcdPixelHeight	4	static
../Core/Src/LCDrivers/ili9486.c:273:10:ili9486_ReadID	16	static
../Core/Src/LCDrivers/ili9486.c:291:6:ili9486_Init	8	static
../Core/Src/LCDrivers/ili9486.c:339:6:ili9486_SetCursor	16	static
../Core/Src/LCDrivers/ili9486.c:354:6:ili9486_WritePixel	16	static
../Core/Src/LCDrivers/ili9486.c:369:10:ili9486_ReadPixel	24	static
../Core/Src/LCDrivers/ili9486.c:390:6:ili9486_SetDisplayWindow	24	static
../Core/Src/LCDrivers/ili9486.c:408:6:ili9486_DrawHLine	24	static
../Core/Src/LCDrivers/ili9486.c:426:6:ili9486_DrawVLine	24	static
../Core/Src/LCDrivers/ili9486.c:445:6:ili9486_FillRect	24	static
../Core/Src/LCDrivers/ili9486.c:463:6:ili9486_DrawBitmap	24	static
../Core/Src/LCDrivers/ili9486.c:492:6:ili9486_DrawRGBImage	24	static
../Core/Src/LCDrivers/ili9486.c:511:6:ili9486_ReadRGBImage	24	static
../Core/Src/LCDrivers/ili9486.c:532:6:ili9486_WriteChar	48	static
../Core/Src/LCDrivers/ili9486.c:597:6:ili9486_WriteCharNoBG	48	static
../Core/Src/LCDrivers/ili9486.c:635:6:ili9486_WriteString	40	static
../Core/Src/LCDrivers/ili9486.c:673:6:ili9486_WriteStringNoBG	32	static
../Core/Src/LCDrivers/ili9486.c:750:6:ili9486_Scroll	16	static
