../Core/Src/main.c:86:6:UART_Printf	272	static
../Core/Src/main.c:95:6:SDCard_init_scr	592	static
../Core/Src/main.c:210:5:main	120	static
../Core/Src/main.c:315:6:SystemClock_Config	120	static
../Core/Src/main.c:378:13:MX_SPI1_Init	8	static
../Core/Src/main.c:426:13:MX_TIM3_Init	64	static
../Core/Src/main.c:485:13:MX_USART3_UART_Init	8	static
../Core/Src/main.c:533:13:MX_USB_OTG_HS_USB_Init	4	static
../Core/Src/main.c:554:13:MX_WWDG1_Init	8	static
../Core/Src/main.c:584:13:MX_DMA_Init	16	static
../Core/Src/main.c:624:13:MX_GPIO_Init	64	static
../Core/Src/main.c:765:6:HAL_GPIO_EXTI_Callback	16	static
../Core/Src/main.c:777:6:Error_Handler	4	static,ignoring_inline_asm
