../Core/Src/main.c:78:6:UART_Printf	272	static
../Core/Src/main.c:87:6:SDCard_init	600	static
../Core/Src/main.c:194:5:main	120	static
../Core/Src/main.c:258:6:SystemClock_Config	120	static
../Core/Src/main.c:321:13:MX_SDMMC1_SD_Init	4	static
../Core/Src/main.c:348:13:MX_SPI1_Init	8	static
../Core/Src/main.c:396:13:MX_USART3_UART_Init	8	static
../Core/Src/main.c:444:13:MX_USB_OTG_HS_USB_Init	4	static
../Core/Src/main.c:465:13:MX_DMA_Init	16	static
../Core/Src/main.c:505:13:MX_GPIO_Init	64	static
../Core/Src/main.c:638:6:Error_Handler	4	static,ignoring_inline_asm
