../Core/Src/main.c:184:5:main	80	static
../Core/Src/main.c:435:6:SystemClock_Config	88	static
../Core/Src/main.c:482:13:MX_ADC1_Init	24	static
../Core/Src/main.c:534:13:MX_I2C1_Init	8	static
../Core/Src/main.c:568:13:MX_SPI3_Init	8	static
../Core/Src/main.c:606:13:MX_TIM1_Init	80	static
../Core/Src/main.c:675:13:MX_TIM2_Init	32	static
../Core/Src/main.c:720:13:MX_TIM3_Init	56	static
../Core/Src/main.c:769:13:MX_TIM4_Init	64	static
../Core/Src/main.c:833:13:MX_TIM5_Init	56	static
../Core/Src/main.c:897:13:MX_USART2_UART_Init	8	static
../Core/Src/main.c:928:13:MX_DMA_Init	16	static
../Core/Src/main.c:946:13:MX_GPIO_Init	48	static
../Core/Src/main.c:994:6:HAL_GPIO_EXTI_Callback	32	static
../Core/Src/main.c:1045:6:Error_Handler	4	static,ignoring_inline_asm
